******************************************************************************
                  TI ARM Linker Unix v20.2.5                   
******************************************************************************
>> Linked Thu Apr 28 23:14:21 2022

OUTPUT FILE NAME:   <HallwayFollower.out>
ENTRY POINT SYMBOL: "_c_int00_noargs"  address: 00029ec9


MEMORY CONFIGURATION

         name            origin    length      used     unused   attr    fill
----------------------  --------  ---------  --------  --------  ----  --------
  MAIN                  00000000   00040000  0002a2de  00015d22  R  X
  INFO                  00200000   00004000  00000000  00004000  R  X
  SRAM_CODE             01000000   00010000  000058d7  0000a729  RW X
  SRAM_DATA             20000000   00010000  000058d7  0000a729  RW  


SEGMENT ALLOCATION MAP

run origin  load origin   length   init length attrs members
----------  ----------- ---------- ----------- ----- -------
00000000    00000000    0002a2e0   0002a2e0    r-x
  00000000    00000000    000000e4   000000e4    r-- .intvecs
  000000e4    000000e4    000166ee   000166ee    r-- .const
  000167d4    000167d4    000139ec   000139ec    r-x .text
  0002a1c0    0002a1c0    00000120   00000120    r-- .cinit
20000000    20000000    000056dc   00000000    rw-
  20000000    20000000    000000e4   00000000    rw- .vtable
  200000e4    200000e4    00004f1f   00000000    rw- .bss
  20005008    20005008    00000400   00000000    rw- .sysmem
  20005408    20005408    000002d4   00000000    rw- .data
2000fe00    2000fe00    00000200   00000000    rw-
  2000fe00    2000fe00    00000200   00000000    rw- .stack


SECTION ALLOCATION MAP

 output                                  attributes/
section   page    origin      length       input sections
--------  ----  ----------  ----------   ----------------
.intvecs   0    00000000    000000e4     
                  00000000    000000e4     startup_msp432p401r_ccs.obj (.intvecs:retain)

.const     0    000000e4    000166ee     
                  000000e4    0000b000     FFT.obj (.const:cosTab)
                  0000b0e4    0000b000     FFT.obj (.const:sinTab)
                  000160e4    000001e0     SSD1306.obj (.const:ASCII)
                  000162c4    00000101     rtsv7M4_T_le_v4SPD16_eabi.lib : ctype.c.obj (.const:.string:_ctypes_)
                  000163c5    00000003     SSD1306.obj (.const:.string:init4b)
                  000163c8    000000b0     wlan.obj (.const:$P$T0$1)
                  00016478    00000058     main.obj (.const:$P$T0$1)
                  000164d0    00000058     MQTTClient.obj (.const:$P$T1$2)
                  00016528    00000050     interrupt.obj (.const:g_pulRegs)
                  00016578    00000038     driver.obj (.const:_SlActionLookupTable)
                  000165b0    0000002c     main.obj (.const:$P$T1$2)
                  000165dc    00000020     interrupt.obj (.const:g_pulPriority)
                  000165fc    0000001c     gpio.obj (.const:GPIO_PORT_TO_INT)
                  00016618    00000018     main.obj (.const:upConfig)
                  00016630    00000014     main.obj (.const:$P$T2$3)
                  00016644    0000000c     MQTTClient.obj (.const:$P$T2$3)
                  00016650    0000000c     MQTTClient.obj (.const:$P$T3$4)
                  0001665c    0000000c     main.obj (.const:$P$T3$4)
                  00016668    0000000c     MQTTClient.obj (.const:$P$T4$5)
                  00016674    00000008     SSD1306.obj (.const:.string:postmask)
                  0001667c    00000008     SSD1306.obj (.const:.string:premask)
                  00016684    00000008     driver.obj (.const:g_H2NCnysPattern)
                  0001668c    00000008     driver.obj (.const:g_H2NSyncPattern)
                  00016694    00000008     interrupt.obj (.const:g_pulDisRegs)
                  0001669c    00000008     interrupt.obj (.const:g_pulEnRegs)
                  000166a4    00000008     interrupt.obj (.const:g_pulPendRegs)
                  000166ac    00000008     interrupt.obj (.const:g_pulUnpendRegs)
                  000166b4    00000006     SSD1306.obj (.const:.string:init5)
                  000166ba    00000005     SSD1306.obj (.const:.string:dlist1)
                  000166bf    00000001     --HOLE-- [fill = 0]
                  000166c0    00000004     MQTTClient.obj (.const:$P$T0$1)
                  000166c4    00000004     MQTTConnectClient.obj (.const:$P$T0$1)
                  000166c8    00000004     MQTTDeserializePublish.obj (.const:$P$T0$1)
                  000166cc    00000004     MQTTPacket.obj (.const:$P$T0$1)
                  000166d0    00000004     MQTTSerializePublish.obj (.const:$P$T0$1)
                  000166d4    00000004     MQTTSubscribeClient.obj (.const:$P$T0$1)
                  000166d8    00000004     MQTTUnsubscribeClient.obj (.const:$P$T0$1)
                  000166dc    00000004     driver.obj (.const:$P$T0$1)
                  000166e0    00000004     netapp.obj (.const:$P$T0$1)
                  000166e4    00000004     socket.obj (.const:$P$T0$1)
                  000166e8    00000004     MQTTConnectClient.obj (.const:$P$T1$2)
                  000166ec    00000004     MQTTDeserializePublish.obj (.const:$P$T1$2)
                  000166f0    00000004     MQTTSerializePublish.obj (.const:$P$T1$2)
                  000166f4    00000004     MQTTSubscribeClient.obj (.const:$P$T1$2)
                  000166f8    00000004     socket.obj (.const:$P$T1$2)
                  000166fc    00000004     wlan.obj (.const:$P$T1$2)
                  00016700    00000004     MQTTConnectClient.obj (.const:$P$T2$3)
                  00016704    00000004     socket.obj (.const:$P$T2$3)
                  00016708    00000004     wlan.obj (.const:$P$T2$3)
                  0001670c    00000004     MQTTConnectClient.obj (.const:$P$T3$4)
                  00016710    00000004     wlan.obj (.const:$P$T3$4)
                  00016714    00000004     MQTTConnectClient.obj (.const:$P$T4$5)
                  00016718    00000004     SSD1306.obj (.const:.string:init1)
                  0001671c    00000004     SSD1306.obj (.const:.string:init2)
                  00016720    00000004     SSD1306.obj (.const:.string:init3)
                  00016724    00000004     socket.obj (.const:_SlAcceptCmdCtrl)
                  00016728    00000004     device.obj (.const:_SlDeviceGetCmdCtrl)
                  0001672c    00000004     device.obj (.const:_SlDeviceSetCmdCtrl)
                  00016730    00000004     device.obj (.const:_SlEventMaskGetCmdCtrl)
                  00016734    00000004     device.obj (.const:_SlEventMaskSetCmdCtrl)
                  00016738    00000004     netapp.obj (.const:_SlGetHostByNameCtrl)
                  0001673c    00000004     netapp.obj (.const:_SlGetHostByServiceCtrl)
                  00016740    00000004     netapp.obj (.const:_SlGetServiceListeCtrl)
                  00016744    00000004     socket.obj (.const:_SlGetSockOptCmdCtrl)
                  00016748    00000004     socket.obj (.const:_SlListenCmdCtrl)
                  0001674c    00000004     netapp.obj (.const:_SlNetAppGetCmdCtrl)
                  00016750    00000004     netapp.obj (.const:_SlNetAppSendTokenValueCmdCtrl)
                  00016754    00000004     netapp.obj (.const:_SlNetAppSetCmdCtrl)
                  00016758    00000004     netapp.obj (.const:_SlNetAppStartCtrl)
                  0001675c    00000004     netapp.obj (.const:_SlNetAppStopCtrl)
                  00016760    00000004     netcfg.obj (.const:_SlNetCfgGetCmdCtrl)
                  00016764    00000004     netcfg.obj (.const:_SlNetCfgSetCmdCtrl)
                  00016768    00000004     wlan.obj (.const:_SlPolicyGetCmdCtrl)
                  0001676c    00000004     wlan.obj (.const:_SlPolicySetCmdCtrl)
                  00016770    00000004     wlan.obj (.const:_SlProfileDelCmdCtrl)
                  00016774    00000004     wlan.obj (.const:_SlProfileGetCmdCtrl)
                  00016778    00000004     socket.obj (.const:_SlRecvCmdCtrl)
                  0001677c    00000004     socket.obj (.const:_SlRecvfomCmdCtrl)
                  00016780    00000004     netapp.obj (.const:_SlRegisterServiceCtrl)
                  00016784    00000004     wlan.obj (.const:_SlRxFilterAddtCmdCtrl)
                  00016788    00000004     wlan.obj (.const:_SlRxFilterGetCmdCtrl)
                  0001678c    00000004     wlan.obj (.const:_SlRxFilterSetCmdCtrl)
                  00016790    00000004     socket.obj (.const:_SlSelectCmdCtrl)
                  00016794    00000004     socket.obj (.const:_SlSendCmdCtrl)
                  00016798    00000004     socket.obj (.const:_SlSetSockOptCmdCtrl)
                  0001679c    00000004     wlan.obj (.const:_SlSmartConfigStartCmdCtrl)
                  000167a0    00000004     socket.obj (.const:_SlSockCloseCmdCtrl)
                  000167a4    00000004     socket.obj (.const:_SlSockSocketCmdCtrl)
                  000167a8    00000004     device.obj (.const:_SlStopCmdCtrl)
                  000167ac    00000004     wlan.obj (.const:_SlWlanCfgGetCmdCtrl)
                  000167b0    00000004     wlan.obj (.const:_SlWlanCfgSetCmdCtrl)
                  000167b4    00000004     wlan.obj (.const:_SlWlanGetNetworkListCtrl)
                  000167b8    00000004     wlan.obj (.const:_SlWlanSetModeCmdCtrl)
                  000167bc    00000003     SSD1306.obj (.const:.string:scrollList1b)
                  000167bf    00000003     SSD1306.obj (.const:.string:scrollList2b)
                  000167c2    00000002     SSD1306.obj (.const:.string:scrollList1a)
                  000167c4    00000002     SSD1306.obj (.const:.string:scrollList2a)
                  000167c6    00000002     SSD1306.obj (.const:.string:scrollList3a)
                  000167c8    00000002     SSD1306.obj (.const:.string:scrollList3b)
                  000167ca    00000002     SSD1306.obj (.const:.string:scrollList3c)
                  000167cc    00000002     SSD1306.obj (.const:.string:scrollList4a)
                  000167ce    00000002     SSD1306.obj (.const:.string:scrollList4b)
                  000167d0    00000002     SSD1306.obj (.const:.string:scrollList4c)

.text      0    000167d4    000139ec     
                  000167d4    00002034     driver.obj (.text)
                  00018808    00001598     flash.obj (.text)
                  00019da0    00001340     SSD1306.obj (.text)
                  0001b0e0    00000fbc     main.obj (.text)
                  0001c09c    00000ed4     socket.obj (.text)
                  0001cf70    00000d80     cs.obj (.text)
                  0001dcf0    00000b3c     netapp.obj (.text)
                  0001e82c    00000ac0     wlan.obj (.text)
                  0001f2ec    00000a9c     Lab21_OPT3101_TestMain.obj (.text)
                  0001fd88    00000a4e     rtsv7M4_T_le_v4SPD16_eabi.lib : _printfi.c.obj (.text:__TI_printfi)
                  000207d6    00000002                                   : _lock.c.obj (.text:_nop)
                  000207d8    000009fc     MQTTClient.obj (.text)
                  000211d4    00000838     pcm.obj (.text)
                  00021a0c    00000798     timer_a.obj (.text)
                  000221a4    000006e0     UART0.obj (.text)
                  00022884    000005d0     LPF.obj (.text)
                  00022e54    000005b4     device.obj (.text)
                  00023408    0000051c     opt3101.obj (.text)
                  00023924    00000508     rtc_c.obj (.text)
                  00023e2c    00000480     gpio.obj (.text)
                  000242ac    00000420     PWM.obj (.text)
                  000246cc    000003f8     MQTTPacket.obj (.text)
                  00024ac4    000003f0     interrupt.obj (.text)
                  00024eb4    000003dc     FFT.obj (.text)
                  00025290    000003ac     MQTTConnectClient.obj (.text)
                  0002563c    000003a4     I2CB1.obj (.text)
                  000259e0    00000388     MQTTCC3100.obj (.text)
                  00025d68    00000344     board.obj (.text)
                  000260ac    0000032c     system_msp432p401r.obj (.text)
                  000263d8    00000270     rtsv7M4_T_le_v4SPD16_eabi.lib : _printfi.c.obj (.text:_pconv_a)
                  00026648    00000244     sysctl.obj (.text)
                  0002688c    00000220     MQTTSerializePublish.obj (.text)
                  00026aac    00000218     MQTTSubscribeClient.obj (.text)
                  00026cc4    00000214     spi_cc3100.obj (.text)
                  00026ed8    000001f8     Motor.obj (.text)
                  000270d0    000001e0     Clock.obj (.text)
                  000272b0    000001d4     TA3InputCapture.obj (.text)
                  00027484    000001d0     rtsv7M4_T_le_v4SPD16_eabi.lib : _printfi.c.obj (.text:_pconv_g)
                  00027654    000001b6                                   : fd_add_t2.asm.obj (.text)
                  0002780a    00000002                                   : div0.asm.obj (.text)
                  0002780c    000001a0     MQTTUnsubscribeClient.obj (.text)
                  000279ac    00000188     crc32.obj (.text)
                  00027b34    0000016c     cli_uart.obj (.text)
                  00027ca0    00000158     rtsv7M4_T_le_v4SPD16_eabi.lib : e_sqrt.c.obj (.text:sqrt)
                  00027df8    0000013c     Tachometer.obj (.text)
                  00027f34    0000013c     rtsv7M4_T_le_v4SPD16_eabi.lib : _printfi.c.obj (.text:_pconv_e)
                  00028070    00000138     MQTTDeserializePublish.obj (.text)
                  000281a8    00000136     rtsv7M4_T_le_v4SPD16_eabi.lib : fd_div_t2.asm.obj (.text)
                  000282de    00000002     --HOLE-- [fill = 0]
                  000282e0    00000130     nonos.obj (.text)
                  00028410    00000124     rtsv7M4_T_le_v4SPD16_eabi.lib : _printfi.c.obj (.text:fcvt)
                  00028534    00000110                                   : fopen.c.obj (.text:_openfile)
                  00028644    00000110     netcfg.obj (.text)
                  00028754    00000110     rtsv7M4_T_le_v4SPD16_eabi.lib : s_scalbn.c.obj (.text:scalbn)
                  00028864    00000100                                   : memory.c.obj (.text:aligned_alloc)
                  00028964    000000fc                                   : fd_mul_t2.asm.obj (.text)
                  00028a60    000000f8     LaunchPad.obj (.text)
                  00028b58    000000e4     rtsv7M4_T_le_v4SPD16_eabi.lib : memory.c.obj (.text:free)
                  00028c3c    000000dc                                   : setvbuf.c.obj (.text:setvbuf)
                  00028d18    000000d8     wdt_a.obj (.text)
                  00028df0    000000bc     rtsv7M4_T_le_v4SPD16_eabi.lib : open.c.obj (.text:open)
                  00028eac    000000b8     Bump.obj (.text)
                  00028f64    000000b8     rtsv7M4_T_le_v4SPD16_eabi.lib : add_device.c.obj (.text:add_device)
                  0002901c    000000b1                                   : _printfi.c.obj (.text:_ltostr)
                  000290cd    00000003     --HOLE-- [fill = 0]
                  000290d0    0000009c                                   : fopen.c.obj (.text:fopen)
                  0002916c    0000009c                                   : memcpy_t2.asm.obj (.text)
                  00029208    00000096                                   : ull_div_t2.asm.obj (.text)
                  0002929e    00000086                                   : fd_cmp_t2.asm.obj (.text:__aeabi_cdcmple)
                  00029324    00000086                                   : fd_cmp_t2.asm.obj (.text:__aeabi_cdrcmple)
                  000293aa    00000002     --HOLE-- [fill = 0]
                  000293ac    00000080     flowcont.obj (.text)
                  0002942c    0000007a     rtsv7M4_T_le_v4SPD16_eabi.lib : memset_t2.asm.obj (.text)
                  000294a6    00000002     --HOLE-- [fill = 0]
                  000294a8    00000074                                   : fclose.c.obj (.text:__TI_closefile)
                  0002951c    00000074     systick.obj (.text)
                  00029590    00000070     rtsv7M4_T_le_v4SPD16_eabi.lib : memory.c.obj (.text:split)
                  00029600    0000006e                                   : _printfi.c.obj (.text:_mcpy)
                  0002966e    00000002     --HOLE-- [fill = 0]
                  00029670    0000006c                                   : hostrename.c.obj (.text:HOSTrename)
                  000296dc    00000068                                   : hostlseek.c.obj (.text:HOSTlseek)
                  00029744    00000068                                   : copy_decompress_lzss.c.obj (.text:decompress:lzss:__TI_decompress_lzss)
                  000297ac    00000064                                   : s_frexp.c.obj (.text:frexp)
                  00029810    00000060                                   : hostopen.c.obj (.text:HOSTopen)
                  00029870    0000005c                                   : close.c.obj (.text:close)
                  000298cc    00000058                                   : hostread.c.obj (.text:HOSTread)
                  00029924    00000058                                   : hostwrite.c.obj (.text:HOSTwrite)
                  0002997c    00000056                                   : _printfi.c.obj (.text:_pconv_f)
                  000299d2    00000054                                   : _ltoa.c.obj (.text:__TI_ltoa)
                  00029a26    00000052                                   : _printfi.c.obj (.text:_ecpy)
                  00029a78    0000004c                                   : fflush.c.obj (.text:__TI_doflush)
                  00029ac4    0000004c                                   : atoi.c.obj (.text:atoi)
                  00029b10    0000004c                                   : snprintf.c.obj (.text:snprintf)
                  00029b5c    00000048                                   : exit.c.obj (.text:exit)
                  00029ba4    00000048                                   : fd_toi_t2.asm.obj (.text)
                  00029bec    00000044                                   : hostclose.c.obj (.text:HOSTclose)
                  00029c30    00000044                                   : hostunlink.c.obj (.text:HOSTunlink)
                  00029c74    00000044                                   : autoinit.c.obj (.text:__TI_auto_init_nobinit_nopinit:__TI_auto_init_nobinit_nopinit)
                  00029cb8    00000044                                   : getdevice.c.obj (.text:getdevice)
                  00029cfc    00000040                                   : sprintf.c.obj (.text:sprintf)
                  00029d3c    0000003e                                   : _printfi.c.obj (.text:_fcpy)
                  00029d7a    0000003e     cpu.obj (.text)
                  00029db8    00000038     rtsv7M4_T_le_v4SPD16_eabi.lib : trgmsg.c.obj (.text:__TI_writemsg)
                  00029df0    00000038                                   : fs_tod_t2.asm.obj (.text)
                  00029e28    00000036                                   : strncpy.c.obj (.text:strncpy)
                  00029e5e    00000002     --HOLE-- [fill = 0]
                  00029e60    00000034                                   : fopen.c.obj (.text:__TI_cleanup)
                  00029e94    00000034                                   : trgmsg.c.obj (.text:__TI_readmsg)
                  00029ec8    00000034                                   : boot_cortex_m.c.obj (.text:_c_int00_noargs:_c_int00_noargs)
                  00029efc    00000034                                   : fopen.c.obj (.text:freopen)
                  00029f30    00000030                                   : snprintf.c.obj (.text:_outs)
                  00029f60    00000030                                   : getdevice.c.obj (.text:finddevice)
                  00029f90    0000002e                                   : i_tofd_t2.asm.obj (.text)
                  00029fbe    0000002c                                   : strncmp.c.obj (.text:strncmp)
                  00029fea    00000002     --HOLE-- [fill = 0]
                  00029fec    0000002c                                   : unlink.c.obj (.text:unlink)
                  0002a018    00000028                                   : memory.c.obj (.text:free_list_insert)
                  0002a040    00000028                                   : write.c.obj (.text:write)
                  0002a068    00000024     CortexM.obj (.text)
                  0002a08c    0000001c     rtsv7M4_T_le_v4SPD16_eabi.lib : memory.c.obj (.text:free_list_remove)
                  0002a0a8    0000001c                                   : memccpy.c.obj (.text:memccpy)
                  0002a0c4    0000001a                                   : s_copysign.c.obj (.text:copysign)
                  0002a0de    00000018                                   : snprintf.c.obj (.text:_outc)
                  0002a0f6    00000018                                   : sprintf.c.obj (.text:_outs)
                  0002a10e    00000018                                   : strcmp.c.obj (.text:strcmp)
                  0002a126    00000016                                   : strchr.c.obj (.text:strchr)
                  0002a13c    00000014                                   : strcpy.c.obj (.text:strcpy)
                  0002a150    00000014                                   : strlen.c.obj (.text:strlen)
                  0002a164    00000012                                   : wcslen.c.obj (.text:wcslen)
                  0002a176    0000000e                                   : copy_decompress_none.c.obj (.text:decompress:none:__TI_decompress_none)
                  0002a184    0000000e     startup_msp432p401r_ccs.obj (.text)
                  0002a192    0000000c     rtsv7M4_T_le_v4SPD16_eabi.lib : copy_zero_init.c.obj (.text:decompress:ZI:__TI_zero_init)
                  0002a19e    0000000a                                   : sprintf.c.obj (.text:_outc)
                  0002a1a8    00000008                                   : errno.c.obj (.text:__aeabi_errno_addr)
                  0002a1b0    00000008                                   : memory.c.obj (.text:malloc)
                  0002a1b8    00000004                                   : pre_init.c.obj (.text:_system_pre_init)
                  0002a1bc    00000004                                   : exit.c.obj (.text:abort:abort)

.cinit     0    0002a1c0    00000120     
                  0002a1c0    000000e6     (.cinit..data.load) [load image, compression = lzss]
                  0002a2a6    00000002     --HOLE-- [fill = 0]
                  0002a2a8    0000000c     (__TI_handler_table)
                  0002a2b4    00000004     --HOLE-- [fill = 0]
                  0002a2b8    00000008     (.cinit..bss.load) [load image, compression = zero_init]
                  0002a2c0    00000008     (.cinit..vtable.load) [load image, compression = zero_init]
                  0002a2c8    00000018     (__TI_cinit_table)

.init_array 
*          0    00000000    00000000     UNINITIALIZED

.binit     0    00000000    00000000     

.vtable    0    20000000    000000e4     UNINITIALIZED
                  20000000    000000e4     interrupt.obj (.vtable)

.bss       0    200000e4    00004f1f     UNINITIALIZED
                  200000e4    00001000     (.common:x)
                  200010e4    00001000     (.common:x2)
                  200020e4    00001000     (.common:x3)
                  200030e4    00000800     (.common:a)
                  200038e4    00000800     (.common:scratch)
                  200040e4    00000648     (.common:g_AppData)
                  2000472c    00000400     (.common:buffer)
                  20004b2c    00000164     (.common:g_StatMem)
                  20004c90    00000120     rtsv7M4_T_le_v4SPD16_eabi.lib : trgmsg.c.obj (.bss:_CIOBUF_)
                  20004db0    000000a0     (.common:__TI_tmpnams)
                  20004e50    0000005c     (.common:hMQTTClient)
                  20004eac    00000028     (.common:g__SlNonOsCB)
                  20004ed4    00000014     (.common:macStr)
                  20004ee8    00000010     (.common:n)
                  20004ef8    0000000c     (.common:Amplitudes)
                  20004f04    0000000c     (.common:ChannelCount)
                  20004f10    0000000c     (.common:Distances)
                  20004f1c    0000000c     (.common:FilteredDistances)
                  20004f28    0000000c     (.common:uniqueID)
                  20004f34    00000008     cs.obj (.bss)
                  20004f3c    00000008     opt3101.obj (.bss)
                  20004f44    00000008     (.common:Messageb)
                  20004f4c    00000008     (.common:macAddressVal)
                  20004f54    00000008     (.common:parmbuf)
                  20004f5c    00000004     MQTTPacket.obj (.bss)
                  20004f60    00000004     (.common:CenterDistance)
                  20004f64    00000004     (.common:Error)
                  20004f68    00000004     (.common:I1)
                  20004f6c    00000004     (.common:ISRLast)
                  20004f70    00000004     (.common:ISRPeriod)
                  20004f74    00000004     (.common:ISRTime)
                  20004f78    00000004     (.common:LPFSum)
                  20004f7c    00000004     (.common:LPFSum2)
                  20004f80    00000004     (.common:LPFSum3)
                  20004f84    00000004     (.common:LeftDistance)
                  20004f88    00000004     (.common:Messageindexb)
                  20004f8c    00000004     (.common:MilliTimer)
                  20004f90    00000004     (.common:Mode)
                  20004f94    00000004     (.common:PTxChan)
                  20004f98    00000004     (.common:Pamplitudes)
                  20004f9c    00000004     (.common:Pdistances)
                  20004fa0    00000004     (.common:PlotData)
                  20004fa4    00000004     (.common:PlotOffset)
                  20004fa8    00000004     (.common:Pt)
                  20004fac    00000004     (.common:Pt2)
                  20004fb0    00000004     (.common:Pt3)
                  20004fb4    00000004     (.common:RightDistance)
                  20004fb8    00000004     (.common:Size)
                  20004fbc    00000004     (.common:StartTime)
                  20004fc0    00000004     (.common:TimeToConvert)
                  20004fc4    00000004     (.common:TxChannel)
                  20004fc8    00000004     (.common:UL)
                  20004fcc    00000004     (.common:UR)
                  20004fd0    00000004     (.common:g_ucUARTBuffer)
                  20004fd4    00000004     (.common:leftSteps)
                  20004fd8    00000004     (.common:rightSteps)
                  20004fdc    00000004     (.common:rotation)
                  20004fe0    00000004     (.common:u1)
                  20004fe4    00000004     (.common:u2)
                  20004fe8    00000004     (.common:u3)
                  20004fec    00000004     (.common:vccstate)
                  20004ff0    00000002     (.common:StartX)
                  20004ff2    00000002     (.common:StartY)
                  20004ff4    00000002     (.common:Tachometer_FirstLeftTime)
                  20004ff6    00000002     (.common:Tachometer_FirstRightTime)
                  20004ff8    00000002     (.common:Tachometer_SecondLeftTime)
                  20004ffa    00000002     (.common:Tachometer_SecondRightTime)
                  20004ffc    00000002     (.common:leftTach)
                  20004ffe    00000002     (.common:rightTach)
                  20005000    00000001     (.common:IntIsMasked)
                  20005001    00000001     (.common:leftDir)
                  20005002    00000001     (.common:rightDir)

.sysmem    0    20005008    00000400     UNINITIALIZED
                  20005008    00000010     rtsv7M4_T_le_v4SPD16_eabi.lib : memory.c.obj (.sysmem)
                  20005018    000003f0     --HOLE--

.data      0    20005408    000002d4     UNINITIALIZED
                  20005408    000000f0     rtsv7M4_T_le_v4SPD16_eabi.lib : defs.c.obj (.data:_ftable)
                  200054f8    00000078                                   : host_device.c.obj (.data:_device)
                  20005570    00000050                                   : host_device.c.obj (.data:_stream)
                  200055c0    00000040     flash.obj (.data:__getBurstProgramRegs)
                  20005600    00000030     gpio.obj (.data:GPIO_PORT_TO_BASE)
                  20005630    00000018     Clock.obj (.data)
                  20005648    00000015     main.obj (.data)
                  2000565d    00000003     --HOLE--
                  20005660    00000010     rtsv7M4_T_le_v4SPD16_eabi.lib : defs.c.obj (.data)
                  20005670    0000000c                                   : exit.c.obj (.data:$O1$$)
                  2000567c    0000000c     Lab21_OPT3101_TestMain.obj (.data)
                  20005688    0000000c     TA3InputCapture.obj (.data)
                  20005694    0000000a     Tachometer.obj (.data)
                  2000569e    00000002     --HOLE--
                  200056a0    00000009     driver.obj (.data)
                  200056a9    00000003     --HOLE--
                  200056ac    00000008     rtsv7M4_T_le_v4SPD16_eabi.lib : _lock.c.obj (.data:$O1$$)
                  200056b4    00000008                                   : memory.c.obj (.data:$O1$$)
                  200056bc    00000004     SSD1306.obj (.data)
                  200056c0    00000004     board.obj (.data)
                  200056c4    00000004     cli_uart.obj (.data)
                  200056c8    00000004     rtsv7M4_T_le_v4SPD16_eabi.lib : add_device.c.obj (.data)
                  200056cc    00000004                                   : errno.c.obj (.data)
                  200056d0    00000004                                   : fopen.c.obj (.data)
                  200056d4    00000004                                   : open.c.obj (.data)
                  200056d8    00000004     system_msp432p401r.obj (.data)

.stack     0    2000fe00    00000200     UNINITIALIZED
                  2000fe00    00000004     rtsv7M4_T_le_v4SPD16_eabi.lib : boot_cortex_m.c.obj (.stack)
                  2000fe04    000001fc     --HOLE--

__llvm_prf_cnts 
*          0    20000000    00000000     UNINITIALIZED

MODULE SUMMARY

       Module                        code    ro data   rw data
       ------                        ----    -------   -------
    ./
       FFT.obj                       988     90112     0      
       LPF.obj                       1488    0         24664  
       Lab21_OPT3101_TestMain.obj    2716    0         8384   
       main.obj                      4028    188       3582   
       SSD1306.obj                   4928    544       2080   
       UART0.obj                     1760    0         24     
       opt3101.obj                   1308    0         88     
       PWM.obj                       1056    0         0      
       I2CB1.obj                     932     0         0      
       system_msp432p401r.obj        812     0         8      
       Clock.obj                     480     0         48     
       Motor.obj                     504     0         0      
       TA3InputCapture.obj           468     0         24     
       Tachometer.obj                316     0         36     
       LaunchPad.obj                 248     0         0      
       startup_msp432p401r_ccs.obj   14      228       0      
       Bump.obj                      184     0         0      
       CortexM.obj                   36      0         0      
    +--+-----------------------------+-------+---------+---------+
       Total:                        22266   91072     38938  
                                                              
    ./board/
       board.obj                     836     0         10     
    +--+-----------------------------+-------+---------+---------+
       Total:                        836     0         10     
                                                              
    ./cli_uart/
       cli_uart.obj                  364     0         16     
    +--+-----------------------------+-------+---------+---------+
       Total:                        364     0         16     
                                                              
    ./driverlib/MSP432P4xx/
       flash.obj                     5528    0         128    
       cs.obj                        3456    0         16     
       pcm.obj                       2104    0         0      
       timer_a.obj                   1944    0         0      
       interrupt.obj                 1008    144       456    
       rtc_c.obj                     1288    0         0      
       gpio.obj                      1152    28        96     
       sysctl.obj                    580     0         0      
       crc32.obj                     392     0         0      
       wdt_a.obj                     216     0         0      
       systick.obj                   116     0         0      
       cpu.obj                       62      0         0      
    +--+-----------------------------+-------+---------+---------+
       Total:                        17846   172       696    
                                                              
    ./mqtt/
       MQTTClient.obj                2556    128       0      
       MQTTPacket.obj                1016    4         8      
       MQTTConnectClient.obj         940     20        0      
       MQTTCC3100.obj                904     0         8      
       MQTTSerializePublish.obj      544     8         0      
       MQTTSubscribeClient.obj       536     8         0      
       MQTTUnsubscribeClient.obj     416     4         0      
       MQTTDeserializePublish.obj    312     8         0      
    +--+-----------------------------+-------+---------+---------+
       Total:                        7224    180       16     
                                                              
    ./simplelink/source/
       driver.obj                    8244    76        730    
       socket.obj                    3796    52        0      
       wlan.obj                      2752    236       0      
       netapp.obj                    2876    40        0      
       device.obj                    1460    20        0      
       nonos.obj                     304     0         80     
       netcfg.obj                    272     8         0      
       flowcont.obj                  128     0         0      
    +--+-----------------------------+-------+---------+---------+
       Total:                        19832   432       810    
                                                              
    ./spi_cc3100/
       spi_cc3100.obj                532     0         0      
    +--+-----------------------------+-------+---------+---------+
       Total:                        532     0         0      
                                                              
    /home/tiz/ti/ccs1110/ccs/tools/compiler/ti-cgt-arm_20.2.5.LTS/lib/rtsv7M4_T_le_v4SPD16_eabi.lib
       _printfi.c.obj                4851    0         0      
       defs.c.obj                    0       0         832    
       memory.c.obj                  672     0         16     
       trgmsg.c.obj                  108     0         576    
       fopen.c.obj                   532     0         8      
       fd_add_t2.asm.obj             438     0         0      
       host_device.c.obj             0       0         400    
       e_sqrt.c.obj                  344     0         0      
       fd_div_t2.asm.obj             310     0         0      
       s_scalbn.c.obj                272     0         0      
       fd_cmp_t2.asm.obj             268     0         0      
       ctype.c.obj                   0       257       0      
       fd_mul_t2.asm.obj             252     0         0      
       setvbuf.c.obj                 220     0         0      
       open.c.obj                    188     0         8      
       add_device.c.obj              184     0         8      
       memcpy_t2.asm.obj             156     0         0      
       ull_div_t2.asm.obj            150     0         0      
       snprintf.c.obj                148     0         0      
       memset_t2.asm.obj             122     0         0      
       fclose.c.obj                  116     0         0      
       getdevice.c.obj               116     0         0      
       hostopen.c.obj                96      0         16     
       hostrename.c.obj              108     0         0      
       copy_decompress_lzss.c.obj    104     0         0      
       hostlseek.c.obj               104     0         0      
       exit.c.obj                    76      0         24     
       s_frexp.c.obj                 100     0         0      
       sprintf.c.obj                 98      0         0      
       close.c.obj                   92      0         0      
       hostread.c.obj                88      0         0      
       hostwrite.c.obj               88      0         0      
       _ltoa.c.obj                   84      0         0      
       atoi.c.obj                    76      0         0      
       fflush.c.obj                  76      0         0      
       fd_toi_t2.asm.obj             72      0         0      
       autoinit.c.obj                68      0         0      
       hostclose.c.obj               68      0         0      
       hostunlink.c.obj              68      0         0      
       fs_tod_t2.asm.obj             56      0         0      
       strncpy.c.obj                 54      0         0      
       boot_cortex_m.c.obj           52      0         0      
       i_tofd_t2.asm.obj             46      0         0      
       strncmp.c.obj                 44      0         0      
       unlink.c.obj                  44      0         0      
       write.c.obj                   40      0         0      
       memccpy.c.obj                 28      0         0      
       s_copysign.c.obj              26      0         0      
       strcmp.c.obj                  24      0         0      
       strchr.c.obj                  22      0         0      
       strcpy.c.obj                  20      0         0      
       strlen.c.obj                  20      0         0      
       _lock.c.obj                   2       0         16     
       wcslen.c.obj                  18      0         0      
       errno.c.obj                   8       0         8      
       copy_decompress_none.c.obj    14      0         0      
       copy_zero_init.c.obj          12      0         0      
       pre_init.c.obj                4       0         0      
       div0.asm.obj                  2       0         0      
    +--+-----------------------------+-------+---------+---------+
       Total:                        11449   257       1912   
                                                              
       Heap:                         0       0         2048   
       Stack:                        0       0         1024   
       Linker Generated:             0       282       0      
    +--+-----------------------------+-------+---------+---------+
       Grand Total:                  80349   92395     45470  


LINKER GENERATED COPY TABLES

__TI_cinit_table @ 0002a2c8 records: 3, size/record: 8, table size: 24
	.data: load addr=0002a1c0, load size=000000e6 bytes, run addr=20005408, run size=000002d4 bytes, compression=lzss
	.bss: load addr=0002a2b8, load size=00000008 bytes, run addr=200000e4, run size=00004f1f bytes, compression=zero_init
	.vtable: load addr=0002a2c0, load size=00000008 bytes, run addr=20000000, run size=000000e4 bytes, compression=zero_init


LINKER GENERATED HANDLER TABLE

__TI_handler_table @ 0002a2a8 records: 3, size/record: 4, table size: 12
	index: 0, handler: __TI_zero_init
	index: 1, handler: __TI_decompress_lzss
	index: 2, handler: __TI_decompress_none


GLOBAL SYMBOLS: SORTED ALPHABETICALLY BY Name 

address   name                                           
-------   ----                                           
0002a191  ADC14_IRQHandler                               
0002a191  AES256_IRQHandler                              
20004ef8  Amplitudes                                     
00028ead  Bump_Init                                      
00028eeb  Bump_Read                                      
0002a191  BusFault_Handler                               
0002a1bd  C$$EXIT                                        
00029de7  C$$IO$$                                        
00025db7  CC3100_InterruptDisable                        
00025d95  CC3100_InterruptEnable                         
0002605f  CC3100_UART_ISR                                
00025d7d  CC3100_disable                                 
00025d89  CC3100_enable                                  
00027c21  CLI_Configure                                  
00027b7b  CLI_Read                                       
00027bcd  CLI_Write                                      
0002a191  COMP_E0_IRQHandler                             
0002a191  COMP_E1_IRQHandler                             
20005638  CPMwait                                        
00029daf  CPU_basepriGet                                 
00029da1  CPU_basepriSet                                 
00029d7b  CPU_cpsid                                      
00029d91  CPU_cpsie                                      
00029d87  CPU_primask                                    
00029d9d  CPU_wfi                                        
00027ab5  CRC32_getResult                                
00027ae1  CRC32_getResultReversed                        
00027a03  CRC32_set16BitData                             
00027a71  CRC32_set16BitDataReversed                     
00027a29  CRC32_set32BitData                             
00027a95  CRC32_set32BitDataReversed                     
000279dd  CRC32_set8BitData                              
00027a4d  CRC32_set8BitDataReversed                      
000279ad  CRC32_setSeed                                  
0002a191  CS_IRQHandler                                  
0001dc75  CS_clearInterruptFlag                          
0001d519  CS_disableClockRequest                         
0001d5ff  CS_disableDCOExternalResistor                  
0001db49  CS_disableFaultCounter                         
0001dc33  CS_disableInterrupt                            
0001d4f1  CS_enableClockRequest                          
0001d561  CS_enableDCOExternalResistor                   
0001db1d  CS_enableFaultCounter                          
0001dc11  CS_enableInterrupt                             
0001dab5  CS_getACLK                                     
0001da75  CS_getBCLK                                     
0001d6f9  CS_getDCOFrequency                             
0001dc5b  CS_getEnabledInterruptStatus                   
0001da91  CS_getHSMCLK                                   
0001dc55  CS_getInterruptStatus                          
0001dafb  CS_getMCLK                                     
0001dad9  CS_getSMCLK                                    
0001d211  CS_initClockSignal                             
0001dc97  CS_registerInterrupt                           
0001db75  CS_resetFaultCounter                           
0001d61d  CS_setDCOCenteredFrequency                     
0001d589  CS_setDCOExternalResistorCalibration           
0001d89d  CS_setDCOFrequency                             
0001d1d5  CS_setExternalClockSourceFrequency             
0001d53b  CS_setReferenceOscillatorFrequency             
0001dbc1  CS_startFaultCounter                           
0001d315  CS_startHFXT                                   
0001d339  CS_startHFXTWithTimeout                        
0001d3fd  CS_startLFXT                                   
0001d421  CS_startLFXTWithTimeout                        
0001d655  CS_tuneDCOFrequency                            
0001dcab  CS_unregisterInterrupt                         
20005688  CaptureTask0                                   
2000568c  CaptureTask1                                   
20005690  CaptureTask2                                   
20004f60  CenterDistance                                 
20004f04  ChannelCount                                   
20005630  ClockFrequency                                 
00027225  Clock_Delay1ms                                 
000271fb  Clock_Delay1us                                 
000271e7  Clock_GetFreq                                  
000270d1  Clock_Init48MHz                                
00025cbd  ConnectNetwork                                 
0001f351  Controller                                     
0001f43d  Controller_Right                               
0001e34d  CopyPingResultsToReport                        
20005644  Crystalstable                                  
200056bc  CurrentX                                       
200056be  CurrentY                                       
0002a191  DMA_ERR_IRQHandler                             
0002a191  DMA_INT0_IRQHandler                            
0002a191  DMA_INT1_IRQHandler                            
0002a191  DMA_INT2_IRQHandler                            
0002a191  DMA_INT3_IRQHandler                            
0002a191  DebugMon_Handler                               
0002a191  Default_Handler                                
00026009  Delay                                          
0002a069  DisableInterrupts                              
20004f10  Distances                                      
00027b35  EUSCIA0_IRQHandler                             
00027b35  EUSCIA0_IRQHandler                             
0002a191  EUSCIA1_IRQHandler                             
0002a191  EUSCIA2_IRQHandler                             
0002a191  EUSCIA3_IRQHandler                             
0002a191  EUSCIB0_IRQHandler                             
0002a191  EUSCIB1_IRQHandler                             
0002a191  EUSCIB2_IRQHandler                             
0002a191  EUSCIB3_IRQHandler                             
0002a06f  EnableInterrupts                               
0002a07f  EndCritical                                    
20004f64  Error                                          
0002a191  FLCTL_IRQHandler                               
0002a191  FPU_IRQHandler                                 
20004f1c  FilteredDistances                              
0001984f  FlashCtl_clearInterruptFlag                    
00019713  FlashCtl_clearProgramVerification              
00019825  FlashCtl_disableInterrupt                      
00018d85  FlashCtl_disableReadBuffering                  
0001977d  FlashCtl_disableWordProgramming                
00019811  FlashCtl_enableInterrupt                       
00018d31  FlashCtl_enableReadBuffering                   
0001974d  FlashCtl_enableWordProgramming                 
000193b1  FlashCtl_eraseSector                           
0001983f  FlashCtl_getEnabledInterruptStatus             
00019839  FlashCtl_getInterruptStatus                    
000189b3  FlashCtl_getMemoryInfo                         
00019215  FlashCtl_getReadMode                           
000197e3  FlashCtl_getWaitState                          
0001923f  FlashCtl_initiateMassErase                     
000194d5  FlashCtl_initiateSectorErase                   
00018eb5  FlashCtl_isSectorProtected                     
00019785  FlashCtl_isWordProgrammingEnabled              
00019265  FlashCtl_performMassErase                      
0001956d  FlashCtl_programMemory                         
00018e55  FlashCtl_protectSector                         
00019863  FlashCtl_registerInterrupt                     
000196d9  FlashCtl_setProgramVerification                
000191a9  FlashCtl_setReadMode                           
000197a5  FlashCtl_setWaitState                          
00018de5  FlashCtl_unprotectSector                       
00019877  FlashCtl_unregisterInterrupt                   
00018f41  FlashCtl_verifyMemory                          
0002414f  GPIO_clearInterruptFlag                        
0002410f  GPIO_disableInterrupt                          
000240ed  GPIO_enableInterrupt                           
000241a7  GPIO_getEnabledInterruptStatus                 
000240bf  GPIO_getInputPinValue                          
00024131  GPIO_getInterruptStatus                        
00024171  GPIO_interruptEdgeSelect                       
00024267  GPIO_registerInterrupt                         
00023e67  GPIO_setAsInputPin                             
0002401b  GPIO_setAsInputPinWithPullDownResistor         
0002406d  GPIO_setAsInputPinWithPullUpResistor           
00023e2d  GPIO_setAsOutputPin                            
00023f31  GPIO_setAsPeripheralModuleFunctionInputPin     
00023ead  GPIO_setAsPeripheralModuleFunctionOutputPin    
00024223  GPIO_setDriveStrengthHigh                      
00024245  GPIO_setDriveStrengthLow                       
00023fb5  GPIO_setOutputHighOnPin                        
00023fd7  GPIO_setOutputLowOnPin                         
00023ff9  GPIO_toggleOutputOnPin                         
00024287  GPIO_unregisterInterrupt                       
00025f55  GetLEDStatus                                   
00029bed  HOSTclose                                      
000296dd  HOSTlseek                                      
00029811  HOSTopen                                       
000298cd  HOSTread                                       
00029671  HOSTrename                                     
00029c31  HOSTunlink                                     
00029925  HOSTwrite                                      
0002a191  HardFault_Handler                              
20004f68  I1                                             
0002563d  I2CB1_Init                                     
00025703  I2CB1_Recv                                     
00025957  I2CB1_Recv1                                    
0002568b  I2CB1_Send                                     
0002577f  I2CB1_Send1                                    
000257db  I2CB1_Send2                                    
0002584b  I2CB1_Send3                                    
000258c9  I2CB1_Send4                                    
20005640  IFlags                                         
20004f6c  ISRLast                                        
20004f70  ISRPeriod                                      
20004f74  ISRTime                                        
00025a63  InitTimer                                      
20005000  IntIsMasked                                    
00024c87  Interrupt_disableInterrupt                     
00024ad7  Interrupt_disableMaster                        
00024e85  Interrupt_disableSleepOnIsrExit                
00024c15  Interrupt_enableInterrupt                      
00024ac7  Interrupt_enableMaster                         
00024e73  Interrupt_enableSleepOnIsrExit                 
00024bef  Interrupt_getPriority                          
00024b67  Interrupt_getPriorityGrouping                  
00024e53  Interrupt_getPriorityMask                      
00024e6d  Interrupt_getVectorTableAddress                
00024cf9  Interrupt_isEnabled                            
00024d85  Interrupt_pendInterrupt                        
00024ae7  Interrupt_registerInterrupt                    
00024b9f  Interrupt_setPriority                          
00024b4d  Interrupt_setPriorityGrouping                  
00024e43  Interrupt_setPriorityMask                      
00024e5d  Interrupt_setVectorTableAddress                
00024df5  Interrupt_unpendInterrupt                      
00024b39  Interrupt_unregisterInterrupt                  
2000567c  Ki                                             
20005680  Kp                                             
20004f78  LPFSum                                         
20004f7c  LPFSum2                                        
20004f80  LPFSum3                                        
000229d9  LPF_Calc                                       
00022b2d  LPF_Calc2                                      
00022c99  LPF_Calc3                                      
00022919  LPF_Calc_old                                   
0002297b  LPF_Init                                       
00022ad1  LPF_Init2                                      
00022c45  LPF_Init3                                      
000228c5  LPF_Init_old                                   
00028a61  LaunchPad_Init                                 
00028ad1  LaunchPad_Input                                
00028aef  LaunchPad_LED                                  
00028b0d  LaunchPad_Output                               
0001f335  Left                                           
20004f84  LeftDistance                                   
00020897  MQTTClient                                     
00020ddd  MQTTConnect                                    
00028129  MQTTDeserialize_ack                            
00025503  MQTTDeserialize_connack                        
00028071  MQTTDeserialize_publish                        
00026c13  MQTTDeserialize_suback                         
00027967  MQTTDeserialize_unsuback                       
00021183  MQTTDisconnect                                 
00024723  MQTTPacket_decode                              
00024809  MQTTPacket_decodeBuf                           
000246cd  MQTTPacket_encode                              
000249e5  MQTTPacket_equals                              
0002478b  MQTTPacket_len                                 
00024a49  MQTTPacket_read                                
00021059  MQTTPublish                                    
000269a7  MQTTSerialize_ack                              
00025349  MQTTSerialize_connect                          
00025291  MQTTSerialize_connectLength                    
000255f3  MQTTSerialize_disconnect                       
00025609  MQTTSerialize_pingreq                          
00026a31  MQTTSerialize_puback                           
00026a7f  MQTTSerialize_pubcomp                          
000268cb  MQTTSerialize_publish                          
0002688d  MQTTSerialize_publishLength                    
00026a55  MQTTSerialize_pubrel                           
00026b11  MQTTSerialize_subscribe                        
00026aad  MQTTSerialize_subscribeLength                  
00027871  MQTTSerialize_unsubscribe                      
0002780d  MQTTSerialize_unsubscribeLength                
0002558b  MQTTSerialize_zero                             
00020ea7  MQTTSubscribe                                  
00020faf  MQTTUnsubscribe                                
00020d69  MQTTYield                                      
0001b41d  MQTT_Callback                                  
000249b9  MQTTstrlen                                     
00025dcb  MaskIntHdlr                                    
00022db1  Median                                         
0002a191  MemManage_Handler                              
20004f44  Messageb                                       
20004f88  Messageindexb                                  
20004f8c  MilliTimer                                     
20004f90  Mode                                           
00027051  Motor_Backward                                 
00026f71  Motor_Forward                                  
00026ed9  Motor_Init                                     
00027005  Motor_Left                                     
00026fb9  Motor_Right                                    
00026f4d  Motor_Stop                                     
0002a191  NMI_Handler                                    
000207d9  NewMessageData                                 
00025b6f  NewNetwork                                     
00022a2d  Noise                                          
00022ba1  Noise2                                         
00022d05  Noise3                                         
0001f2ed  OLEDinit                                       
0002383b  OPT3101_ArmInterrupts                          
000235fb  OPT3101_CalibrateInternalCrosstalk             
000237a1  OPT3101_CheckDistanceSensor                    
0002376d  OPT3101_GetAmplitude                           
0002378b  OPT3101_GetDistanceMillimeters                 
000237b9  OPT3101_GetMeasurement                         
00023781  OPT3101_GetPhase                               
00023763  OPT3101_GetTxChannel                           
00023473  OPT3101_Init                                   
00023743  OPT3101_MeasurementError                       
0002372b  OPT3101_ReadMeasurement                        
00023409  OPT3101_ReadRegister                           
000234d1  OPT3101_Setup                                  
000236dd  OPT3101_StartMeasurement                       
000236eb  OPT3101_StartMeasurementChannel                
00023439  OPT3101_WriteRegister                          
0002a191  PCM_IRQHandler                                 
000219af  PCM_clearInterruptFlag                         
00021985  PCM_disableInterrupt                           
0002195d  PCM_disableRudeMode                            
00021971  PCM_enableInterrupt                            
0002194b  PCM_enableRudeMode                             
00021357  PCM_getCoreVoltageLevel                        
0002199f  PCM_getEnabledInterruptStatus                  
00021999  PCM_getInterruptStatus                         
000212fd  PCM_getPowerMode                               
0002193f  PCM_getPowerState                              
00021871  PCM_gotoLPM0                                   
0002188f  PCM_gotoLPM0InterruptSafe                      
000218ab  PCM_gotoLPM3                                   
00021923  PCM_gotoLPM3InterruptSafe                      
00021845  PCM_gotoLPM4                                   
00021855  PCM_gotoLPM4InterruptSafe                      
000219c3  PCM_registerInterrupt                          
000212cb  PCM_setCoreVoltageLevel                        
000212ed  PCM_setCoreVoltageLevelNonBlocking             
000212db  PCM_setCoreVoltageLevelWithTimeout             
000214fd  PCM_setPowerMode                               
0002150d  PCM_setPowerModeNonBlocking                    
0002151d  PCM_setPowerModeWithTimeout                    
000217cf  PCM_setPowerState                              
000217f1  PCM_setPowerStateNonBlocking                   
000217df  PCM_setPowerStateWithTimeout                   
00021801  PCM_shutdownDevice                             
000219d7  PCM_unregisterInterrupt                        
0001bc2f  PORT1_IRQHandler                               
0001bc2f  PORT1_IRQHandler                               
00026039  PORT2_IRQHandler                               
00026039  PORT2_IRQHandler                               
0002a191  PORT3_IRQHandler                               
0002a191  PORT4_IRQHandler                               
0002a191  PORT5_IRQHandler                               
00023891  PORT6_IRQHandler                               
00023891  PORT6_IRQHandler                               
0002a191  PSS_IRQHandler                                 
20004f94  PTxChan                                        
00024397  PWM_Duty1                                      
000243b7  PWM_Duty2                                      
0002445b  PWM_Duty3                                      
0002447b  PWM_Duty4                                      
000242ad  PWM_Init1                                      
00024313  PWM_Init12                                     
000243d7  PWM_Init34                                     
000245c3  PWM_RobotArmDuty0                              
000245e9  PWM_RobotArmDuty1                              
0002460f  PWM_RobotArmDuty2                              
000245e3  PWM_RobotArmGetDuty0                           
00024609  PWM_RobotArmGetDuty1                           
0002462f  PWM_RobotArmGetDuty2                           
0002449b  PWM_RobotArmInit                               
20004f98  Pamplitudes                                    
0001f533  Pause                                          
20004f9c  Pdistances                                     
0002a191  PendSV_Handler                                 
20004fa0  PlotData                                       
20004fa4  PlotOffset                                     
00026007  Port1_ISR                                      
2000563c  Postwait                                       
20005634  Prewait                                        
20004fa8  Pt                                             
20004fac  Pt2                                            
20004fb0  Pt3                                            
0002a191  RTC_C_IRQHandler                               
00023d81  RTC_C_clearInterruptFlag                       
00023bcb  RTC_C_convertBCDToBinary                       
00023be3  RTC_C_convertBinaryToBCD                       
00023b27  RTC_C_definePrescaleEvent                      
00023c51  RTC_C_disableInterrupt                         
00023bfb  RTC_C_enableInterrupt                          
00023a59  RTC_C_getCalendarTime                          
00023d21  RTC_C_getEnabledInterruptStatus                
00023cb9  RTC_C_getInterruptStatus                       
00023b4f  RTC_C_getPrescaleValue                         
00023943  RTC_C_holdClock                                
000239e7  RTC_C_initCalendar                             
00023dc7  RTC_C_registerInterrupt                        
00023abf  RTC_C_setCalendarAlarm                         
00023af7  RTC_C_setCalendarEvent                         
00023991  RTC_C_setCalibrationData                       
00023961  RTC_C_setCalibrationFrequency                  
00023b7b  RTC_C_setPrescaleValue                         
000239bd  RTC_C_setTemperatureCompensation               
00023925  RTC_C_startClock                               
00023de5  RTC_C_unregisterInterrupt                      
0002a185  Reset_Handler                                  
0001f313  Right                                          
20004fb4  RightDistance                                  
20005648  S1buttonDebounce                               
2000564c  S2buttonDebounce                               
0001ce73  SL_FD_CLR                                      
0001ce99  SL_FD_ISSET                                    
0001ce51  SL_FD_SET                                      
0001cec1  SL_FD_ZERO                                     
0001a1bd  SSD1306_Clear                                  
0001a17d  SSD1306_ClearBuffer                            
0001abd9  SSD1306_Dim                                    
0001aa93  SSD1306_DisplayBuffer                          
0001a07f  SSD1306_DrawChar                               
0001a455  SSD1306_DrawFastHLine                          
0001a679  SSD1306_DrawFastVLine                          
0001a211  SSD1306_DrawFullImage                          
00019f11  SSD1306_DrawPixel                              
0001a12d  SSD1306_DrawString                             
0001aa8f  SSD1306_GetBuffer                              
0001a991  SSD1306_GetPixel                               
00019e0b  SSD1306_Init                                   
0001abc3  SSD1306_InvertDisplay                          
0001ac85  SSD1306_OutChar                                
0001af87  SSD1306_OutHex7                                
0001adc1  SSD1306_OutSDec                                
0001ae99  SSD1306_OutSFix1                               
0001adab  SSD1306_OutString                              
0001adb5  SSD1306_OutUDec                                
0001afe5  SSD1306_OutUDec16                              
0001b081  SSD1306_OutUDec2                               
0001ade5  SSD1306_OutUFix1                               
0001afbd  SSD1306_OutUHex7                               
0001a275  SSD1306_PrintBMP                               
0001ac0b  SSD1306_SetCursor                              
0001a567  SSD1306_drawFastHLineInternal                  
0001a791  SSD1306_drawFastVLineInternal                  
0001ab79  SSD1306_startscrolldiagleft                    
0001ab35  SSD1306_startscrolldiagright                   
0001aaff  SSD1306_startscrollleft                        
0001aacd  SSD1306_startscrollright                       
0001abb9  SSD1306_stopscroll                             
0002a191  SVC_Handler                                    
00025fc3  SelAntenna                                     
20005684  SetPoint                                       
0001b18b  SimpleLinkGeneralEventHandler                  
0001b17d  SimpleLinkHttpServerCallback                   
0001b14d  SimpleLinkNetAppEventHandler                   
0001b197  SimpleLinkSockEventHandler                     
0001b0e1  SimpleLinkWlanEventHandler                     
20004fb8  Size                                           
0002a075  StartCritical                                  
20004fbc  StartTime                                      
20004ff0  StartX                                         
20004ff2  StartY                                         
0002683b  SysCtl_disableGlitchFilter                     
000266cb  SysCtl_disableNMISource                        
000267d3  SysCtl_disablePeripheralAtCPUHalt              
00026715  SysCtl_disableSRAMBank                         
00026799  SysCtl_disableSRAMBankRetention                
0002682f  SysCtl_enableGlitchFilter                      
000266df  SysCtl_enableNMISource                         
000267bf  SysCtl_enablePeripheralAtCPUHalt               
000266f9  SysCtl_enableSRAMBank                          
0002677d  SysCtl_enableSRAMBankRetention                 
000266c5  SysCtl_getFlashSize                            
000266f3  SysCtl_getNMISourceStatus                      
000266bf  SysCtl_getSRAMSize                             
00026649  SysCtl_getTLVInfo                              
00026847  SysCtl_getTempCalibrationConstant              
000267b5  SysCtl_rebootDevice                            
0002680b  SysCtl_setWDTPasswordViolationResetType        
000267e7  SysCtl_setWDTTimeoutResetType                  
000259e1  SysTick_Handler                                
000259e1  SysTick_Handler                                
00029559  SysTick_disableInterrupt                       
00029529  SysTick_disableModule                          
0002954d  SysTick_enableInterrupt                        
0002951d  SysTick_enableModule                           
00029577  SysTick_getPeriod                              
0002957f  SysTick_getValue                               
00029535  SysTick_registerInterrupt                      
00029565  SysTick_setPeriod                              
00029543  SysTick_unregisterInterrupt                    
200056d8  SystemCoreClock                                
000260ad  SystemCoreClockUpdate                          
00026321  SystemInit                                     
0002a191  T32_INT1_IRQHandler                            
0002a191  T32_INT2_IRQHandler                            
0002a191  T32_INTC_IRQHandler                            
0002a191  TA0_0_IRQHandler                               
0002a191  TA0_N_IRQHandler                               
0001bca1  TA1_0_IRQHandler                               
0001bca1  TA1_0_IRQHandler                               
0002a191  TA1_N_IRQHandler                               
0002a191  TA2_0_IRQHandler                               
0002a191  TA2_N_IRQHandler                               
0002733d  TA3_0_IRQHandler                               
0002733d  TA3_0_IRQHandler                               
00027357  TA3_N_IRQHandler                               
00027357  TA3_N_IRQHandler                               
00025b95  TLSConnectNetwork                              
20004ff4  Tachometer_FirstLeftTime                       
20004ff6  Tachometer_FirstRightTime                      
00027eaf  Tachometer_Get                                 
00027e85  Tachometer_Init                                
2000569d  Tachometer_LeftDir                             
20005698  Tachometer_LeftSteps                           
2000569c  Tachometer_RightDir                            
20005694  Tachometer_RightSteps                          
20004ff8  Tachometer_SecondLeftTime                      
20004ffa  Tachometer_SecondRightTime                     
20004fc0  TimeToConvert                                  
000272bd  TimerA3Capture_Init01                          
00027397  TimerA3Capture_Init02                          
00021ed7  Timer_A_clearCaptureCompareInterrupt           
00021ec1  Timer_A_clearInterruptFlag                     
00021d3f  Timer_A_clearTimer                             
00021b67  Timer_A_configureContinuousMode                
00021bf5  Timer_A_configureUpDownMode                    
00021b97  Timer_A_configureUpMode                        
00021f65  Timer_A_disableCaptureCompareInterrupt         
00021f13  Timer_A_disableInterrupt                       
00021f39  Timer_A_enableCaptureCompareInterrupt          
00021eff  Timer_A_enableInterrupt                        
00021e0b  Timer_A_generatePWM                            
00021db1  Timer_A_getCaptureCompareCount                 
00021fcd  Timer_A_getCaptureCompareEnabledInterruptStatus
00021f8d  Timer_A_getCaptureCompareInterruptStatus       
00021cf3  Timer_A_getCounterValue                        
00021fb5  Timer_A_getEnabledInterruptStatus              
00021f27  Timer_A_getInterruptStatus                     
00021d83  Timer_A_getOutputForOutputModeOutBitValue      
00021d53  Timer_A_getSynchronizedCaptureCompareInput     
00021c53  Timer_A_initCapture                            
00021ca5  Timer_A_initCompare                            
00022009  Timer_A_registerInterrupt                      
00021e95  Timer_A_setCompareValue                        
00021dd3  Timer_A_setOutputForOutputModeOutBitValue      
00021b51  Timer_A_startCounter                           
00021e81  Timer_A_stopTimer                              
000220db  Timer_A_unregisterInterrupt                    
20004fc4  TxChannel                                      
000221ed  UART0_InChar                                   
00022695  UART0_InString                                 
00022237  UART0_InUDec                                   
00022549  UART0_InUHex                                   
000221a5  UART0_Init                                     
000227f7  UART0_Initprintf                               
000221fd  UART0_OutChar                                  
000222eb  UART0_OutSDec                                  
00022219  UART0_OutString                                
000222bb  UART0_OutUDec                                  
0002245d  UART0_OutUDec4                                 
000224a5  UART0_OutUDec5                                 
000224d7  UART0_OutUFix1                                 
000224ff  UART0_OutUFix2                                 
0002260d  UART0_OutUHex                                  
00022679  UART0_OutUHex2                                 
20004fc8  UL                                             
20004fcc  UR                                             
00025dd3  UnMaskIntHdlr                                  
0002a191  UsageFault_Handler                             
4000480c  WDTCTL_SYM                                     
0002a191  WDT_A_IRQHandler                               
00028d59  WDT_A_clearTimer                               
00028d19  WDT_A_holdTimer                                
00028d95  WDT_A_initIntervalTimer                        
00028d79  WDT_A_initWatchdogTimer                        
00028dc9  WDT_A_registerInterrupt                        
00028db1  WDT_A_setPasswordViolationReset                
00028dbd  WDT_A_setTimeoutReset                          
00028d39  WDT_A_startTimer                               
00028ddd  WDT_A_unregisterInterrupt                      
0002a087  WaitForInterrupt                               
00016724  _SlAcceptCmdCtrl                               
00016578  _SlActionLookupTable                           
000176a1  _SlAsyncEventGenericHandler                    
00016728  _SlDeviceGetCmdCtrl                            
0001672c  _SlDeviceSetCmdCtrl                            
000180b9  _SlDrvBasicCmd                                 
00017d67  _SlDrvClassifyRxMsg                            
0001699f  _SlDrvCmdOp                                    
00016a4f  _SlDrvCmdSend                                  
00016aa5  _SlDrvDataReadOp                               
00016ca9  _SlDrvDataWriteOp                              
00023389  _SlDrvDeviceEventHandler                       
000168b9  _SlDrvDriverCBDeinit                           
000167d5  _SlDrvDriverCBInit                             
000293eb  _SlDrvFlowContDeinit                           
000293ad  _SlDrvFlowContInit                             
00017069  _SlDrvMsgRead                                  
00017b89  _SlDrvMsgReadCmdCtx                            
00017c83  _SlDrvMsgReadSpawnCtx                          
00016e75  _SlDrvMsgWrite                                 
0001e71d  _SlDrvNetAppEventHandler                       
000185b1  _SlDrvObjDeInit                                
00018535  _SlDrvObjInit                                  
00018329  _SlDrvReleasePoolObj                           
00017eb5  _SlDrvRxHdrRead                                
0001695d  _SlDrvRxIrqHandler                             
00017e6d  _SlDrvShiftDWord                               
00018121  _SlDrvWaitForPoolObj                           
00016730  _SlEventMaskGetCmdCtrl                         
00016734  _SlEventMaskSetCmdCtrl                         
0001868f  _SlFindAndSetActiveObj                         
00016738  _SlGetHostByNameCtrl                           
0001673c  _SlGetHostByServiceCtrl                        
00016740  _SlGetServiceListeCtrl                         
00016744  _SlGetSockOptCmdCtrl                           
00016748  _SlListenCmdCtrl                               
0001674c  _SlNetAppGetCmdCtrl                            
00016750  _SlNetAppSendTokenValueCmdCtrl                 
00016754  _SlNetAppSetCmdCtrl                            
00016758  _SlNetAppStartCtrl                             
0001675c  _SlNetAppStopCtrl                              
00016760  _SlNetCfgGetCmdCtrl                            
00016764  _SlNetCfgSetCmdCtrl                            
000283a5  _SlNonOsMainLoopTask                           
000282f9  _SlNonOsSemGet                                 
000282e1  _SlNonOsSemSet                                 
00028355  _SlNonOsSpawn                                  
00016768  _SlPolicyGetCmdCtrl                            
0001676c  _SlPolicySetCmdCtrl                            
00016770  _SlProfileDelCmdCtrl                           
00016774  _SlProfileGetCmdCtrl                           
00016778  _SlRecvCmdCtrl                                 
0001677c  _SlRecvfomCmdCtrl                              
00016780  _SlRegisterServiceCtrl                         
000185d1  _SlRemoveFromList                              
00016784  _SlRxFilterAddtCmdCtrl                         
00016788  _SlRxFilterGetCmdCtrl                          
0001678c  _SlRxFilterSetCmdCtrl                          
00016790  _SlSelectCmdCtrl                               
00016794  _SlSendCmdCtrl                                 
00016798  _SlSetSockOptCmdCtrl                           
0001679c  _SlSmartConfigStartCmdCtrl                     
000167a0  _SlSockCloseCmdCtrl                            
000167a4  _SlSockSocketCmdCtrl                           
000167a8  _SlStopCmdCtrl                                 
000167ac  _SlWlanCfgGetCmdCtrl                           
000167b0  _SlWlanCfgSetCmdCtrl                           
000167b4  _SlWlanGetNetworkListCtrl                      
000167b8  _SlWlanSetModeCmdCtrl                          
20004c90  __CIOBUF_                                      
00019c7b  __FlashCtl_remaskBurstDataPost                 
00019b61  __FlashCtl_remaskBurstDataPre                  
000199a5  __FlashCtl_remaskData32Post                    
00019a89  __FlashCtl_remaskData32Pre                     
00019887  __FlashCtl_remaskData8Post                     
00019907  __FlashCtl_remaskData8Pre                      
20010000  __STACK_END                                    
00000200  __STACK_SIZE                                   
00000400  __SYSMEM_SIZE                                  
0002a2c8  __TI_CINIT_Base                                
0002a2e0  __TI_CINIT_Limit                               
0002a2a8  __TI_Handler_Table_Base                        
0002a2b4  __TI_Handler_Table_Limit                       
00029c75  __TI_auto_init_nobinit_nopinit                 
00029e61  __TI_cleanup                                   
20005670  __TI_cleanup_ptr                               
000294a9  __TI_closefile                                 
00029745  __TI_decompress_lzss                           
0002a177  __TI_decompress_none                           
00029a79  __TI_doflush                                   
20005674  __TI_dtors_ptr                                 
20005678  __TI_enable_exit_profile_output                
20005660  __TI_ft_end                                    
000299d3  __TI_ltoa                                      
ffffffff  __TI_pprof_out_hndl                            
0001fd89  __TI_printfi                                   
ffffffff  __TI_prof_data_size                            
ffffffff  __TI_prof_data_start                           
00029e95  __TI_readmsg                                   
00000000  __TI_static_base__                             
20004db0  __TI_tmpnams                                   
00029db9  __TI_writemsg                                  
0002a193  __TI_zero_init                                 
0002929f  __aeabi_cdcmpeq                                
0002929f  __aeabi_cdcmple                                
00029325  __aeabi_cdrcmple                               
00029ba5  __aeabi_d2iz                                   
0002765f  __aeabi_dadd                                   
000281a9  __aeabi_ddiv                                   
00028965  __aeabi_dmul                                   
00027655  __aeabi_dsub                                   
0002a1a9  __aeabi_errno_addr                             
00029df1  __aeabi_f2d                                    
00029f91  __aeabi_i2d                                    
0002780b  __aeabi_idiv0                                  
0002780b  __aeabi_ldiv0                                  
0002942d  __aeabi_memclr                                 
0002942d  __aeabi_memclr4                                
0002942d  __aeabi_memclr8                                
0002916d  __aeabi_memcpy                                 
0002916d  __aeabi_memcpy4                                
0002916d  __aeabi_memcpy8                                
0002942f  __aeabi_memset                                 
0002942f  __aeabi_memset4                                
0002942f  __aeabi_memset8                                
2000566c  __aeabi_stderr                                 
[...]
00026e1d  spi_Read                                       
00026ed9  Motor_Init                                     
00026f4d  Motor_Stop                                     
00026f71  Motor_Forward                                  
00026fb9  Motor_Right                                    
00027005  Motor_Left                                     
00027051  Motor_Backward                                 
000270d1  Clock_Init48MHz                                
000271e7  Clock_GetFreq                                  
000271ed  delay                                          
000271fb  Clock_Delay1us                                 
00027225  Clock_Delay1ms                                 
000272b1  ta3dummy                                       
000272bd  TimerA3Capture_Init01                          
0002733d  TA3_0_IRQHandler                               
0002733d  TA3_0_IRQHandler                               
00027357  TA3_N_IRQHandler                               
00027357  TA3_N_IRQHandler                               
00027397  TimerA3Capture_Init02                          
00027655  __aeabi_dsub                                   
0002765f  __aeabi_dadd                                   
0002780b  __aeabi_idiv0                                  
0002780b  __aeabi_ldiv0                                  
0002780d  MQTTSerialize_unsubscribeLength                
00027871  MQTTSerialize_unsubscribe                      
00027967  MQTTDeserialize_unsuback                       
000279ad  CRC32_setSeed                                  
000279dd  CRC32_set8BitData                              
00027a03  CRC32_set16BitData                             
00027a29  CRC32_set32BitData                             
00027a4d  CRC32_set8BitDataReversed                      
00027a71  CRC32_set16BitDataReversed                     
00027a95  CRC32_set32BitDataReversed                     
00027ab5  CRC32_getResult                                
00027ae1  CRC32_getResultReversed                        
00027b35  EUSCIA0_IRQHandler                             
00027b35  EUSCIA0_IRQHandler                             
00027b7b  CLI_Read                                       
00027bcd  CLI_Write                                      
00027c21  CLI_Configure                                  
00027ca1  sqrt                                           
00027ca1  sqrtl                                          
00027df9  tachometerRightInt                             
00027e3f  tachometerLeftInt                              
00027e85  Tachometer_Init                                
00027eaf  Tachometer_Get                                 
00028071  MQTTDeserialize_publish                        
00028129  MQTTDeserialize_ack                            
000281a9  __aeabi_ddiv                                   
000282e1  _SlNonOsSemSet                                 
000282f9  _SlNonOsSemGet                                 
00028355  _SlNonOsSpawn                                  
000283a5  _SlNonOsMainLoopTask                           
00028645  sl_NetCfgSet                                   
000286ab  sl_NetCfgGet                                   
00028755  ldexp                                          
00028755  ldexpl                                         
00028755  scalbn                                         
00028755  scalbnl                                        
00028865  aligned_alloc                                  
00028865  memalign                                       
00028965  __aeabi_dmul                                   
00028a61  LaunchPad_Init                                 
00028ad1  LaunchPad_Input                                
00028aef  LaunchPad_LED                                  
00028b0d  LaunchPad_Output                               
00028b59  free                                           
00028c3d  setvbuf                                        
00028d19  WDT_A_holdTimer                                
00028d39  WDT_A_startTimer                               
00028d59  WDT_A_clearTimer                               
00028d79  WDT_A_initWatchdogTimer                        
00028d95  WDT_A_initIntervalTimer                        
00028db1  WDT_A_setPasswordViolationReset                
00028dbd  WDT_A_setTimeoutReset                          
00028dc9  WDT_A_registerInterrupt                        
00028ddd  WDT_A_unregisterInterrupt                      
00028df1  open                                           
00028ead  Bump_Init                                      
00028eeb  Bump_Read                                      
00028f65  add_device                                     
000290d1  fopen                                          
0002916d  __aeabi_memcpy                                 
0002916d  __aeabi_memcpy4                                
0002916d  __aeabi_memcpy8                                
0002916d  memcpy                                         
00029209  __aeabi_uldivmod                               
0002929f  __aeabi_cdcmpeq                                
0002929f  __aeabi_cdcmple                                
00029325  __aeabi_cdrcmple                               
000293ad  _SlDrvFlowContInit                             
000293eb  _SlDrvFlowContDeinit                           
0002942d  __aeabi_memclr                                 
0002942d  __aeabi_memclr4                                
0002942d  __aeabi_memclr8                                
0002942f  __aeabi_memset                                 
0002942f  __aeabi_memset4                                
0002942f  __aeabi_memset8                                
00029435  memset                                         
000294a9  __TI_closefile                                 
0002951d  SysTick_enableModule                           
00029529  SysTick_disableModule                          
00029535  SysTick_registerInterrupt                      
00029543  SysTick_unregisterInterrupt                    
0002954d  SysTick_enableInterrupt                        
00029559  SysTick_disableInterrupt                       
00029565  SysTick_setPeriod                              
00029577  SysTick_getPeriod                              
0002957f  SysTick_getValue                               
00029671  HOSTrename                                     
000296dd  HOSTlseek                                      
00029745  __TI_decompress_lzss                           
000297ad  frexp                                          
000297ad  frexpl                                         
00029811  HOSTopen                                       
00029871  close                                          
000298cd  HOSTread                                       
00029925  HOSTwrite                                      
000299d3  __TI_ltoa                                      
00029a79  __TI_doflush                                   
00029ac5  atoi                                           
00029b11  snprintf                                       
00029b5d  exit                                           
00029ba5  __aeabi_d2iz                                   
00029bed  HOSTclose                                      
00029c31  HOSTunlink                                     
00029c75  __TI_auto_init_nobinit_nopinit                 
00029cb9  getdevice                                      
00029cfd  sprintf                                        
00029d7b  CPU_cpsid                                      
00029d87  CPU_primask                                    
00029d91  CPU_cpsie                                      
00029d9d  CPU_wfi                                        
00029da1  CPU_basepriSet                                 
00029daf  CPU_basepriGet                                 
00029db9  __TI_writemsg                                  
00029de7  C$$IO$$                                        
00029df1  __aeabi_f2d                                    
00029e29  strncpy                                        
00029e61  __TI_cleanup                                   
00029e95  __TI_readmsg                                   
00029ec9  _c_int00_noargs                                
00029efd  freopen                                        
00029f61  finddevice                                     
00029f91  __aeabi_i2d                                    
00029fbf  strncmp                                        
00029fed  remove                                         
00029fed  unlink                                         
0002a041  write                                          
0002a069  DisableInterrupts                              
0002a06f  EnableInterrupts                               
0002a075  StartCritical                                  
0002a07f  EndCritical                                    
0002a087  WaitForInterrupt                               
0002a0a9  memccpy                                        
0002a0c5  copysign                                       
0002a0c5  copysignl                                      
0002a10f  strcmp                                         
0002a127  strchr                                         
0002a13d  strcpy                                         
0002a151  strlen                                         
0002a165  wcslen                                         
0002a177  __TI_decompress_none                           
0002a185  Reset_Handler                                  
0002a191  ADC14_IRQHandler                               
0002a191  AES256_IRQHandler                              
0002a191  BusFault_Handler                               
0002a191  COMP_E0_IRQHandler                             
0002a191  COMP_E1_IRQHandler                             
0002a191  CS_IRQHandler                                  
0002a191  DMA_ERR_IRQHandler                             
0002a191  DMA_INT0_IRQHandler                            
0002a191  DMA_INT1_IRQHandler                            
0002a191  DMA_INT2_IRQHandler                            
0002a191  DMA_INT3_IRQHandler                            
0002a191  DebugMon_Handler                               
0002a191  Default_Handler                                
0002a191  EUSCIA1_IRQHandler                             
0002a191  EUSCIA2_IRQHandler                             
0002a191  EUSCIA3_IRQHandler                             
0002a191  EUSCIB0_IRQHandler                             
0002a191  EUSCIB1_IRQHandler                             
0002a191  EUSCIB2_IRQHandler                             
0002a191  EUSCIB3_IRQHandler                             
0002a191  FLCTL_IRQHandler                               
0002a191  FPU_IRQHandler                                 
0002a191  HardFault_Handler                              
0002a191  MemManage_Handler                              
0002a191  NMI_Handler                                    
0002a191  PCM_IRQHandler                                 
0002a191  PORT3_IRQHandler                               
0002a191  PORT4_IRQHandler                               
0002a191  PORT5_IRQHandler                               
0002a191  PSS_IRQHandler                                 
0002a191  PendSV_Handler                                 
0002a191  RTC_C_IRQHandler                               
0002a191  SVC_Handler                                    
0002a191  T32_INT1_IRQHandler                            
0002a191  T32_INT2_IRQHandler                            
0002a191  T32_INTC_IRQHandler                            
0002a191  TA0_0_IRQHandler                               
0002a191  TA0_N_IRQHandler                               
0002a191  TA1_N_IRQHandler                               
0002a191  TA2_0_IRQHandler                               
0002a191  TA2_N_IRQHandler                               
0002a191  UsageFault_Handler                             
0002a191  WDT_A_IRQHandler                               
0002a193  __TI_zero_init                                 
0002a1a9  __aeabi_errno_addr                             
0002a1b1  malloc                                         
0002a1b9  _system_pre_init                               
0002a1bd  C$$EXIT                                        
0002a1bd  abort                                          
0002a2a8  __TI_Handler_Table_Base                        
0002a2b4  __TI_Handler_Table_Limit                       
0002a2c8  __TI_CINIT_Base                                
0002a2e0  __TI_CINIT_Limit                               
20000000  __start___llvm_prf_cnts                        
20000000  __stop___llvm_prf_cnts                         
20000000  g_pfnRAMVectors                                
200000e4  x                                              
200010e4  x2                                             
200020e4  x3                                             
200030e4  a                                              
200038e4  scratch                                        
200040e4  g_AppData                                      
2000472c  buffer                                         
20004b2c  g_StatMem                                      
20004c90  __CIOBUF_                                      
20004db0  __TI_tmpnams                                   
20004e50  hMQTTClient                                    
20004eac  g__SlNonOsCB                                   
20004ed4  macStr                                         
20004ee8  n                                              
20004ef8  Amplitudes                                     
20004f04  ChannelCount                                   
20004f10  Distances                                      
20004f1c  FilteredDistances                              
20004f28  uniqueID                                       
20004f44  Messageb                                       
20004f4c  macAddressVal                                  
20004f54  parmbuf                                        
20004f60  CenterDistance                                 
20004f64  Error                                          
20004f68  I1                                             
20004f6c  ISRLast                                        
20004f70  ISRPeriod                                      
20004f74  ISRTime                                        
20004f78  LPFSum                                         
20004f7c  LPFSum2                                        
20004f80  LPFSum3                                        
20004f84  LeftDistance                                   
20004f88  Messageindexb                                  
20004f8c  MilliTimer                                     
20004f90  Mode                                           
20004f94  PTxChan                                        
20004f98  Pamplitudes                                    
20004f9c  Pdistances                                     
20004fa0  PlotData                                       
20004fa4  PlotOffset                                     
20004fa8  Pt                                             
20004fac  Pt2                                            
20004fb0  Pt3                                            
20004fb4  RightDistance                                  
20004fb8  Size                                           
20004fbc  StartTime                                      
20004fc0  TimeToConvert                                  
20004fc4  TxChannel                                      
20004fc8  UL                                             
20004fcc  UR                                             
20004fd0  g_ucUARTBuffer                                 
20004fd4  leftSteps                                      
20004fd8  rightSteps                                     
20004fdc  rotation                                       
20004fe0  u1                                             
20004fe4  u2                                             
20004fe8  u3                                             
20004fec  vccstate                                       
20004ff0  StartX                                         
20004ff2  StartY                                         
20004ff4  Tachometer_FirstLeftTime                       
20004ff6  Tachometer_FirstRightTime                      
20004ff8  Tachometer_SecondLeftTime                      
20004ffa  Tachometer_SecondRightTime                     
20004ffc  leftTach                                       
20004ffe  rightTach                                      
20005000  IntIsMasked                                    
20005001  leftDir                                        
20005002  rightDir                                       
20005008  _sys_memory                                    
20005408  _ftable                                        
200054f8  _device                                        
20005570  _stream                                        
20005630  ClockFrequency                                 
20005634  Prewait                                        
20005638  CPMwait                                        
2000563c  Postwait                                       
20005640  IFlags                                         
20005644  Crystalstable                                  
20005648  S1buttonDebounce                               
2000564c  S2buttonDebounce                               
20005650  publishID                                      
20005654  macAddressLen                                  
20005658  g_Status                                       
2000565c  stopped                                        
20005660  __TI_ft_end                                    
20005664  __aeabi_stdin                                  
20005668  __aeabi_stdout                                 
2000566c  __aeabi_stderr                                 
20005670  __TI_cleanup_ptr                               
20005674  __TI_dtors_ptr                                 
20005678  __TI_enable_exit_profile_output                
2000567c  Ki                                             
20005680  Kp                                             
20005684  SetPoint                                       
20005688  CaptureTask0                                   
2000568c  CaptureTask1                                   
20005690  CaptureTask2                                   
20005694  Tachometer_RightSteps                          
20005698  Tachometer_LeftSteps                           
2000569c  Tachometer_RightDir                            
2000569d  Tachometer_LeftDir                             
200056a0  g_pCB                                          
200056a4  pPingCallBackFunc                              
200056a8  gFirstCmdMode                                  
200056ac  _lock                                          
200056b0  _unlock                                        
200056bc  CurrentX                                       
200056be  CurrentY                                       
200056c0  pIraEventHandler                               
200056c4  cli_have_cmd                                   
200056cc  errno                                          
200056d8  SystemCoreClock                                
2000fe00  __stack                                        
20010000  __STACK_END                                    
4000480c  WDTCTL_SYM                                     
ffffffff  __TI_pprof_out_hndl                            
ffffffff  __TI_prof_data_size                            
ffffffff  __TI_prof_data_start                           
ffffffff  __binit__                                      
ffffffff  __c_args__                                     
ffffffff  binit                                          
UNDEFED   __mpu_init                                     
UNDEFED   _system_post_cinit                             

[918 symbols]
